### HXC-350 — §1.1 PAIRED MUTATION
### Same stripped (pre-fix) artifact, GREEN polarity (RED_MODE unset).
### EXPECTATION: FAIL. If the GREEN guard still passed with the fix removed,
###   the guard would prove nothing and would be a bluff gate.
### date_utc=2026-09-08T20:27:26Z
###
🧪 Running tests...
⚠️  Infrastructure not available - running unit tests only
   Run './bin/helixagent' first for proper container orchestration

=== RUN   TestPassthroughFlag_SingleUserMessage
time="2026-09-08T22:27:57+02:00" level=info msg="Stored provider configurations for lazy loading"
time="2026-09-08T22:27:57+02:00" level=info msg="[ENTRY] ChatCompletions handler called"
time="2026-09-08T22:27:57+02:00" level=info msg="Model: helixagent-debate or default - routing to AI Debate ensemble"
time="2026-09-08T22:27:57+02:00" level=info msg="New user request - initiating AI Debate"
time="2026-09-08T22:27:57+02:00" level=error msg="[CODE PATH] orchestratorIntegration is NIL - using OLD ensemble service (NOT using new debate system!)"
    passthrough_flag_red_test.go:190: 
        	Error Trace:	/home/milosvasic/Projects/helix_code/submodules/helix_agent/internal/handlers/passthrough_flag_red_test.go:190
        	Error:      	Not equal: 
        	            	expected: "helixagent-debate"
        	            	actual  : "helixagent-ensemble"
        	            	
        	            	Diff:
        	            	--- Expected
        	            	+++ Actual
        	            	@@ -1 +1 @@
        	            	-helixagent-debate
        	            	+helixagent-ensemble
        	Test:       	TestPassthroughFlag_SingleUserMessage
        	Messages:   	passthrough must report the requested model, not "helixagent-ensemble"
--- FAIL: TestPassthroughFlag_SingleUserMessage (0.00s)
=== RUN   TestPassthroughFlag_DefaultStillDebates
time="2026-09-08T22:27:57+02:00" level=info msg="Stored provider configurations for lazy loading"
time="2026-09-08T22:27:57+02:00" level=info msg="[ENTRY] ChatCompletions handler called"
time="2026-09-08T22:27:57+02:00" level=info msg="Model: helixagent-debate or default - routing to AI Debate ensemble"
time="2026-09-08T22:27:57+02:00" level=info msg="New user request - initiating AI Debate"
time="2026-09-08T22:27:57+02:00" level=error msg="[CODE PATH] orchestratorIntegration is NIL - using OLD ensemble service (NOT using new debate system!)"
--- PASS: TestPassthroughFlag_DefaultStillDebates (0.00s)
=== RUN   TestPassthroughFlag_ExplicitFalseStillDebates
time="2026-09-08T22:27:57+02:00" level=info msg="Stored provider configurations for lazy loading"
time="2026-09-08T22:27:57+02:00" level=info msg="[ENTRY] ChatCompletions handler called"
time="2026-09-08T22:27:57+02:00" level=info msg="Model: helixagent-debate or default - routing to AI Debate ensemble"
time="2026-09-08T22:27:57+02:00" level=info msg="New user request - initiating AI Debate"
time="2026-09-08T22:27:57+02:00" level=error msg="[CODE PATH] orchestratorIntegration is NIL - using OLD ensemble service (NOT using new debate system!)"
--- PASS: TestPassthroughFlag_ExplicitFalseStillDebates (0.00s)
=== RUN   TestPassthroughFlag_MultiTurnBypassPreserved
time="2026-09-08T22:27:57+02:00" level=info msg="Stored provider configurations for lazy loading"
time="2026-09-08T22:27:57+02:00" level=info msg="[ENTRY] ChatCompletions handler called"
time="2026-09-08T22:27:57+02:00" level=info msg="Model: helixagent-debate or default - routing to AI Debate ensemble"
time="2026-09-08T22:27:57+02:00" level=info msg="Multi-turn request - routing to provider chain (debate doesn't carry conversation history; see drainage Finding #19)" user_message_count=2
time="2026-09-08T22:27:57+02:00" level=info msg="[Provider Chain] helixllm succeeded"
--- PASS: TestPassthroughFlag_MultiTurnBypassPreserved (0.00s)
=== RUN   TestPassthroughFlag_ToolsBypassPreserved
time="2026-09-08T22:27:57+02:00" level=info msg="Stored provider configurations for lazy loading"
time="2026-09-08T22:27:57+02:00" level=info msg="[ENTRY] ChatCompletions handler called"
time="2026-09-08T22:27:57+02:00" level=info msg="Model: helixagent-debate or default - routing to AI Debate ensemble"
time="2026-09-08T22:27:57+02:00" level=info msg="New user request - initiating AI Debate"
time="2026-09-08T22:27:57+02:00" level=info msg="[Smart Routing] Tools detected — routing to direct provider" tool_count=1
time="2026-09-08T22:27:57+02:00" level=info msg="[Direct Provider] HelixLLM responded successfully"
--- PASS: TestPassthroughFlag_ToolsBypassPreserved (0.00s)
FAIL
FAIL	dev.helix.agent/internal/handlers	0.095s
FAIL
make: *** [Makefile:280: test] Error 1
MUTATION_GREEN_EXIT=2
